[debug] [2026-08-16T08:05:17.796Z] ----------------------------------------------------------------------
[debug] [2026-08-16T08:05:17.799Z] Command:       C:\Program Files\nodejs\node.exe C:\Users\kic17\AppData\Local\npm-cache\_npx\ba4f1959e38407b5\node_modules\firebase-tools\lib\bin\firebase.js projects:list
[debug] [2026-08-16T08:05:17.799Z] CLI Version:   15.27.0
[debug] [2026-08-16T08:05:17.799Z] Platform:      win32
[debug] [2026-08-16T08:05:17.799Z] Node Version:  v22.18.0
[debug] [2026-08-16T08:05:17.799Z] Detected Agent: antigravity
[debug] [2026-08-16T08:05:17.799Z] Time:          Sun Aug 16 2026 17:05:17 GMT+0900 (대한민국 표준시)
[debug] [2026-08-16T08:05:17.799Z] ----------------------------------------------------------------------
[debug] 
[debug] [2026-08-16T08:05:17.807Z] >>> [apiv2][query] GET https://firebase-public.firebaseio.com/cli.json [none]
[debug] [2026-08-16T08:05:17.840Z] > command requires scopes: ["email","openid","https://www.googleapis.com/auth/cloudplatformprojects.readonly","https://www.googleapis.com/auth/firebase","https://www.googleapis.com/auth/cloud-platform"]
[debug] [2026-08-16T08:05:17.841Z] > authorizing via signed-in user (inchul17.kim@gmail.com)
[debug] [2026-08-16T08:05:17.843Z] Checked if tokens are valid: false, expires at: 1757057003147
[debug] [2026-08-16T08:05:17.843Z] Checked if tokens are valid: false, expires at: 1757057003147
[debug] [2026-08-16T08:05:17.843Z] > refreshing access token with scopes: []
[debug] [2026-08-16T08:05:17.844Z] >>> [apiv2][query] POST https://www.googleapis.com/oauth2/v3/token [none]
[debug] [2026-08-16T08:05:17.844Z] >>> [apiv2][body] POST https://www.googleapis.com/oauth2/v3/token [omitted]
[debug] [2026-08-16T08:05:18.012Z] <<< [apiv2][status] POST https://www.googleapis.com/oauth2/v3/token 400
[debug] [2026-08-16T08:05:18.012Z] <<< [apiv2][body] POST https://www.googleapis.com/oauth2/v3/token [omitted]
[debug] [2026-08-16T08:05:18.012Z] >>> [apiv2][query] GET https://firebase.googleapis.com/v1beta1/projects pageSize=1000
[debug] [2026-08-16T08:05:18.167Z] <<< [apiv2][status] GET https://firebase.googleapis.com/v1beta1/projects 401
[debug] [2026-08-16T08:05:18.167Z] <<< [apiv2][body] GET https://firebase.googleapis.com/v1beta1/projects [omitted]
[debug] [2026-08-16T08:05:18.167Z] Got a 401 Unauthenticated error for a call that required authentication. Refreshing tokens.
[debug] [2026-08-16T08:05:18.168Z] Checked if tokens are valid: false, expires at: 1757057003147
[debug] [2026-08-16T08:05:18.168Z] Checked if tokens are valid: false, expires at: 1757057003147
[debug] [2026-08-16T08:05:18.168Z] > refreshing access token with scopes: []
[debug] [2026-08-16T08:05:18.168Z] >>> [apiv2][query] POST https://www.googleapis.com/oauth2/v3/token [none]
[debug] [2026-08-16T08:05:18.168Z] >>> [apiv2][body] POST https://www.googleapis.com/oauth2/v3/token [omitted]
[debug] [2026-08-16T08:05:18.236Z] <<< [apiv2][status] GET https://firebase-public.firebaseio.com/cli.json 200
[debug] [2026-08-16T08:05:18.236Z] <<< [apiv2][body] GET https://firebase-public.firebaseio.com/cli.json {"cloudBuildErrorAfter":1594252800000,"cloudBuildWarnAfter":1590019200000,"defaultNode10After":1594252800000,"minVersion":"3.0.5","node8DeploysDisabledAfter":1613390400000,"node8RuntimeDisabledAfter":1615809600000,"node8WarnAfter":1600128000000}
[debug] [2026-08-16T08:05:18.253Z] <<< [apiv2][status] POST https://www.googleapis.com/oauth2/v3/token 400
[debug] [2026-08-16T08:05:18.253Z] <<< [apiv2][body] POST https://www.googleapis.com/oauth2/v3/token [omitted]
[debug] [2026-08-16T08:05:18.254Z] Request to https://firebase.googleapis.com/v1beta1/projects?pageSize=1000 had HTTP Error: 401, Request had invalid authentication credentials. Expected OAuth 2 access token, login cookie or other valid authentication credential. See https://developers.google.com/identity/sign-in/web/devconsole-project.
[debug] [2026-08-16T08:05:18.415Z] FirebaseError: Request to https://firebase.googleapis.com/v1beta1/projects?pageSize=1000 had HTTP Error: 401, Request had invalid authentication credentials. Expected OAuth 2 access token, login cookie or other valid authentication credential. See https://developers.google.com/identity/sign-in/web/devconsole-project.
    at responseToError (C:\Users\kic17\AppData\Local\npm-cache\_npx\ba4f1959e38407b5\node_modules\firebase-tools\lib\responseToError.js:53:12)
    at RetryOperation._fn (C:\Users\kic17\AppData\Local\npm-cache\_npx\ba4f1959e38407b5\node_modules\firebase-tools\lib\apiv2.js:415:77)
    at process.processTicksAndRejections (node:internal/process/task_queues:105:5)
[error] 
[error] Error: Failed to list Firebase projects. See firebase-debug.log for more info.
